// Jest Snapshot v1, https://goo.gl/fbAQLP

exports[`TransactionComplete Component matches the snapshot 1`] = `
<div
  className=""
>
  <div
    className="zippy-cash-container-wrap"
  >
    <div
      className="backdrop "
    />
    <div
      className="zippy-cash-container"
    >
      <div
        className="zippy-cash-container-header"
      >
        <i
          aria-label="close"
          className="zippy-cash-icon zc-cross"
          onClick={[Function]}
          onKeyUp={[Function]}
          role="button"
          tabIndex={0}
        />
        <h1
          className="title"
        >
          Your Wallet
        </h1>
        <h2
          className="catch"
        >
          Made Fun With Zippy!
        </h2>
      </div>
      <div
        className="zippy-cash-container-body"
      >
        <div
          className="body load-status-container"
        >
          <div
            className="title"
          >
            Funds Transfer
          </div>
          <div
            className="text-center"
            style={
              Object {
                "marginTop": 30,
              }
            }
          />
          <div
            className="details"
          />
        </div>
        <div
          className="action"
        >
          <button
            className="zippy-btn btn btn-primary"
            disabled={false}
            onClick={[Function]}
            type="button"
          >
            View Transfer Detail
          </button>
        </div>
      </div>
    </div>
  </div>
</div>
`;
