// Jest Snapshot v1, https://goo.gl/fbAQLP

exports[`ContactSelector Component matches the snapshot 1`] = `
<div
  className="contact-selector"
>
  <div
    className="contact-identifier"
  >
    <input
      className="form-control"
      onChange={[Function]}
      placeholder="Enter @ZippyUsername or Email"
      value=""
    />
    <button
      className="btn-select-contact btn-transparent btn btn-primary"
      disabled={false}
      onClick={[Function]}
      type="button"
    >
      <i
        className="zippy-cash-icon zc-add"
      />
    </button>
  </div>
  <div
    className="contact-list-wrap"
  />
</div>
`;
