// Jest Snapshot v1, https://goo.gl/fbAQLP

exports[`TransactionStatusList Component matches the snapshot 1`] = `
<div
  className="status-list"
>
  <div
    className="zippy-cash-container-wrap"
  >
    <div
      className="backdrop backdrop-image-3"
    />
    <div
      className="zippy-cash-container"
    >
      <div
        className="zippy-cash-container-header"
      >
        <h1
          className="title"
        >
          Transactions History
        </h1>
        
      </div>
      <div
        className="zippy-cash-container-body"
      >
        <div
          aria-label="Zippy Cash"
          className="zippy-btn-group btn-group"
          role="group"
        >
          <button
            className="active btn btn-primary"
            disabled={true}
            onClick={[Function]}
            type="button"
          >
            All
          </button>
          <button
            className="btn btn-primary"
            disabled={false}
            onClick={[Function]}
            type="button"
          >
            Send
          </button>
          <button
            className="btn btn-primary"
            disabled={false}
            onClick={[Function]}
            type="button"
          >
            Received
          </button>
          <button
            className="btn btn-primary"
            disabled={false}
            onClick={[Function]}
            type="button"
          >
            Requested
          </button>
        </div>
        <div
          className="transaction-search"
        >
          <i
            className="zippy-cash-icon zc-search"
          />
          <input
            className="form-control"
            onChange={[Function]}
            placeholder="Search..."
            value=""
          />
        </div>
        <div
          className="status-list-container"
        >
          <div
            className="simplebar-container"
            data-simplebar={true}
          >
            <div
              className="simplebar-wrapper"
            >
              <div
                className="simplebar-height-auto-observer-wrapper"
              >
                <div
                  className="simplebar-height-auto-observer"
                />
              </div>
              <div
                className="simplebar-mask"
              >
                <div
                  className="simplebar-offset"
                >
                  <div
                    className="simplebar-content-wrapper"
                  >
                    <div
                      className="simplebar-content"
                    >
                      loading...
                      
                    </div>
                  </div>
                </div>
              </div>
              <div
                className="simplebar-placeholder"
              />
            </div>
            <div
              className="simplebar-track simplebar-horizontal"
            >
              <div
                className="simplebar-scrollbar"
              />
            </div>
            <div
              className="simplebar-track simplebar-vertical"
            >
              <div
                className="simplebar-scrollbar"
              />
            </div>
          </div>
        </div>
      </div>
    </div>
  </div>
</div>
`;
