// Jest Snapshot v1, https://goo.gl/fbAQLP

exports[`TransactionComplete Component matches the snapshot 1`] = `
<div
  className=""
>
  <div
    className="zippy-cash-container-wrap"
  >
    <div
      className="backdrop"
    />
    <div
      className="zippy-cash-container"
    >
      <div
        className="zippy-cash-container-header"
      >
        <h1
          className="title"
        >
          Personal Banking
        </h1>
        <h2
          className="catch"
        >
          Made Fun With Zippy!
        </h2>
      </div>
      <div
        className="zippy-cash-container-body"
      >
        <div
          className="title"
        >
          Load wallet
        </div>
        <input
          className="amount form-control"
          defaultValue={0}
          onChange={[Function]}
          placeholder="0.00"
          step=".01"
          type="number"
        />
        <div
          className="position-relative"
        >
          <div
            className="dropbtn1"
            onClick={[Function]}
            onKeyDown={[Function]}
            role="button"
            tabIndex={0}
          >
            Select funding source
             
            <img
              alt=""
              src="https://dash.com.sg/assets/images/icons/arrow--down--grey.svg"
              width={30}
            />
          </div>
        </div>
        <div
          className="action"
        >
          <button
            className="zippy-btn btn btn-primary"
            disabled={false}
            onClick={[Function]}
            type="button"
          >
            Load
          </button>
        </div>
      </div>
    </div>
  </div>
</div>
`;
